make: Entering directory '/mnt/disk1/mabojing/paves-release-20260920/source/extension/paves'
rm -f paves.so   libpaves.a  libpaves.pc
rm -f src/paves.o src/planner.o src/quals.o src/exec.o src/build.o src/arbiter.o src/worker.o src/capacity.o src/engine/engine.o src/engine/gpu_engine.o src/paves.bc src/planner.bc src/quals.bc src/exec.bc src/build.bc src/arbiter.bc src/worker.bc src/capacity.bc src/engine/engine.bc src/engine/gpu_engine.bc
make: Leaving directory '/mnt/disk1/mabojing/paves-release-20260920/source/extension/paves'
make: Entering directory '/mnt/disk1/mabojing/paves-release-20260920/source/extension/paves'
gcc -Wall -Wmissing-prototypes -Wpointer-arith -Wdeclaration-after-statement -Werror=vla -Wendif-labels -Wmissing-format-attribute -Wimplicit-fallthrough=3 -Wcast-function-type -Wformat-security -fno-strict-aliasing -fwrapv -fexcess-precision=standard -Wno-format-truncation -Wno-stringop-truncation -O2 -O3 -march=native -fPIC -I.//src -I. -I./ -I/mnt/disk1/mabojing/paves-release-20260920/pg14/include/postgresql/server -I/mnt/disk1/mabojing/paves-release-20260920/pg14/include/postgresql/internal -D_GNU_SOURCE    -c -o src/paves.o src/paves.c
gcc -Wall -Wmissing-prototypes -Wpointer-arith -Wdeclaration-after-statement -Werror=vla -Wendif-labels -Wmissing-format-attribute -Wimplicit-fallthrough=3 -Wcast-function-type -Wformat-security -fno-strict-aliasing -fwrapv -fexcess-precision=standard -Wno-format-truncation -Wno-stringop-truncation -O2 -O3 -march=native -fPIC -I.//src -I. -I./ -I/mnt/disk1/mabojing/paves-release-20260920/pg14/include/postgresql/server -I/mnt/disk1/mabojing/paves-release-20260920/pg14/include/postgresql/internal -D_GNU_SOURCE    -c -o src/planner.o src/planner.c
gcc -Wall -Wmissing-prototypes -Wpointer-arith -Wdeclaration-after-statement -Werror=vla -Wendif-labels -Wmissing-format-attribute -Wimplicit-fallthrough=3 -Wcast-function-type -Wformat-security -fno-strict-aliasing -fwrapv -fexcess-precision=standard -Wno-format-truncation -Wno-stringop-truncation -O2 -O3 -march=native -fPIC -I.//src -I. -I./ -I/mnt/disk1/mabojing/paves-release-20260920/pg14/include/postgresql/server -I/mnt/disk1/mabojing/paves-release-20260920/pg14/include/postgresql/internal -D_GNU_SOURCE    -c -o src/quals.o src/quals.c
gcc -Wall -Wmissing-prototypes -Wpointer-arith -Wdeclaration-after-statement -Werror=vla -Wendif-labels -Wmissing-format-attribute -Wimplicit-fallthrough=3 -Wcast-function-type -Wformat-security -fno-strict-aliasing -fwrapv -fexcess-precision=standard -Wno-format-truncation -Wno-stringop-truncation -O2 -O3 -march=native -fPIC -I.//src -I. -I./ -I/mnt/disk1/mabojing/paves-release-20260920/pg14/include/postgresql/server -I/mnt/disk1/mabojing/paves-release-20260920/pg14/include/postgresql/internal -D_GNU_SOURCE    -c -o src/exec.o src/exec.c
gcc -Wall -Wmissing-prototypes -Wpointer-arith -Wdeclaration-after-statement -Werror=vla -Wendif-labels -Wmissing-format-attribute -Wimplicit-fallthrough=3 -Wcast-function-type -Wformat-security -fno-strict-aliasing -fwrapv -fexcess-precision=standard -Wno-format-truncation -Wno-stringop-truncation -O2 -O3 -march=native -fPIC -I.//src -I. -I./ -I/mnt/disk1/mabojing/paves-release-20260920/pg14/include/postgresql/server -I/mnt/disk1/mabojing/paves-release-20260920/pg14/include/postgresql/internal -D_GNU_SOURCE    -c -o src/build.o src/build.c
gcc -Wall -Wmissing-prototypes -Wpointer-arith -Wdeclaration-after-statement -Werror=vla -Wendif-labels -Wmissing-format-attribute -Wimplicit-fallthrough=3 -Wcast-function-type -Wformat-security -fno-strict-aliasing -fwrapv -fexcess-precision=standard -Wno-format-truncation -Wno-stringop-truncation -O2 -O3 -march=native -fPIC -I.//src -I. -I./ -I/mnt/disk1/mabojing/paves-release-20260920/pg14/include/postgresql/server -I/mnt/disk1/mabojing/paves-release-20260920/pg14/include/postgresql/internal -D_GNU_SOURCE    -c -o src/arbiter.o src/arbiter.c
gcc -Wall -Wmissing-prototypes -Wpointer-arith -Wdeclaration-after-statement -Werror=vla -Wendif-labels -Wmissing-format-attribute -Wimplicit-fallthrough=3 -Wcast-function-type -Wformat-security -fno-strict-aliasing -fwrapv -fexcess-precision=standard -Wno-format-truncation -Wno-stringop-truncation -O2 -O3 -march=native -fPIC -I.//src -I. -I./ -I/mnt/disk1/mabojing/paves-release-20260920/pg14/include/postgresql/server -I/mnt/disk1/mabojing/paves-release-20260920/pg14/include/postgresql/internal -D_GNU_SOURCE    -c -o src/worker.o src/worker.c
gcc -Wall -Wmissing-prototypes -Wpointer-arith -Wdeclaration-after-statement -Werror=vla -Wendif-labels -Wmissing-format-attribute -Wimplicit-fallthrough=3 -Wcast-function-type -Wformat-security -fno-strict-aliasing -fwrapv -fexcess-precision=standard -Wno-format-truncation -Wno-stringop-truncation -O2 -O3 -march=native -fPIC -I.//src -I. -I./ -I/mnt/disk1/mabojing/paves-release-20260920/pg14/include/postgresql/server -I/mnt/disk1/mabojing/paves-release-20260920/pg14/include/postgresql/internal -D_GNU_SOURCE    -c -o src/capacity.o src/capacity.c
g++ -std=c++17 -O3 -march=native -fPIC -Wall -Wextra -Wno-unused-parameter -fno-strict-aliasing -DFV_GPU -I.//src -c src/engine/engine.cpp -o src/engine/engine.o
/usr/local/cuda-12.6/bin/nvcc -arch=sm_89 -O3 -std=c++17 -Xcompiler -fPIC -I.//src -c src/engine/gpu_engine.cu -o src/engine/gpu_engine.o
src/engine/gpu_engine.cu(327): warning #177-D: function "fv_vec_at(const __half *, int)" was declared but never referenced
  __attribute__((device)) static inline float fv_vec_at(const __half *v, int j) {
                                              ^

Remark: The warnings can be suppressed with "-diag-suppress <warning-number>"

src/engine/gpu_engine.cu(326): warning #177-D: function "fv_vec_at(const float *, int)" was declared but never referenced
  __attribute__((device)) static inline float fv_vec_at(const float *v, int j) { return v[j]; }
                                              ^

gcc -Wall -Wmissing-prototypes -Wpointer-arith -Wdeclaration-after-statement -Werror=vla -Wendif-labels -Wmissing-format-attribute -Wimplicit-fallthrough=3 -Wcast-function-type -Wformat-security -fno-strict-aliasing -fwrapv -fexcess-precision=standard -Wno-format-truncation -Wno-stringop-truncation -O2 -O3 -march=native -fPIC -shared -o paves.so src/paves.o src/planner.o src/quals.o src/exec.o src/build.o src/arbiter.o src/worker.o src/capacity.o src/engine/engine.o src/engine/gpu_engine.o -L/mnt/disk1/mabojing/paves-release-20260920/pg14/lib    -Wl,--as-needed -Wl,-rpath,'/mnt/disk1/mabojing/paves-release-20260920/pg14/lib',--enable-new-dtags  -lstdc++ -lpthread -lm -rdynamic -L/usr/local/cuda-12.6/lib64 -lcudart_static -lrt -ldl 
make: Leaving directory '/mnt/disk1/mabojing/paves-release-20260920/source/extension/paves'
make: Entering directory '/mnt/disk1/mabojing/paves-release-20260920/source/extension/paves'
/usr/bin/mkdir -p '/mnt/disk1/mabojing/paves-release-20260920/pg14/lib/postgresql'
/usr/bin/mkdir -p '/mnt/disk1/mabojing/paves-release-20260920/pg14/share/postgresql/extension'
/usr/bin/mkdir -p '/mnt/disk1/mabojing/paves-release-20260920/pg14/share/postgresql/extension'
/usr/bin/install -c -m 755  paves.so '/mnt/disk1/mabojing/paves-release-20260920/pg14/lib/postgresql/paves.so'
/usr/bin/install -c -m 644 .//paves.control '/mnt/disk1/mabojing/paves-release-20260920/pg14/share/postgresql/extension/'
/usr/bin/install -c -m 644 .//sql/paves--0.1.sql  '/mnt/disk1/mabojing/paves-release-20260920/pg14/share/postgresql/extension/'
make: Leaving directory '/mnt/disk1/mabojing/paves-release-20260920/source/extension/paves'
